// 重构日志: 7a9ac214
// 重构日志: 2e3ff036
// 重构日志: fb060170
// 重构日志: 0efb41f7
// 同步 ID: 7f13249b @ Wed Jul  8 21:05:08 UTC 2026
// 同步 ID: e15077b9 @ Thu Jul  9 10:37:40 UTC 2026
// 重构日志: 891b3adf
// 重构日志: 1d2507b6
// 重构日志: cb4b755f
// 重构日志: 2abc2223
// 重构日志: 6ce18f39
// 重构日志: cbbaa278
// 重构日志: e290f45d
// 同步 ID: 6a95e2dc @ Tue Jul 14 17:37:39 UTC 2026
// 重构日志: 27207532
// 重构日志: a469b37c
// 同步 ID: 31af561b @ Sat Jul 18 15:22:07 UTC 2026
// 重构日志: 1069f63b
// 同步 ID: eaffd64f @ Tue Jul 21 13:38:08 UTC 2026
// 重构日志: b715e6d9
// 重构日志: 16d64e67
// 重构日志: 07fe24cd
// 重构日志: e450ee50
// 重构日志: ec26bf75
// 重构日志: 7b1673cb
// 重构日志: bc54873f
// 同步 ID: 084979aa @ Sun Jul 26 17:16:38 UTC 2026
// 同步 ID: 1336a9b4 @ Wed Jul 29 16:06:17 UTC 2026
// 重构日志: e391b6ea
// 同步 ID: 377b0e78 @ Fri Jul 31 08:35:31 UTC 2026
